// Vitest Snapshot v1, https://vitest.dev/guide/snapshot.html

exports[`CalendarManager > renders loading state initially 1`] = `
<div>
  <div
    class="MuiBox-root css-nfgtzt"
  >
    <span
      class="MuiCircularProgress-root MuiCircularProgress-indeterminate MuiCircularProgress-colorPrimary css-1kzmk34-MuiCircularProgress-root"
      role="progressbar"
      style="width: 40px; height: 40px;"
    >
      <svg
        class="MuiCircularProgress-svg css-54pwck-MuiCircularProgress-svg"
        viewBox="22 22 44 44"
      >
        <circle
          class="MuiCircularProgress-circle MuiCircularProgress-circleIndeterminate css-19t5dcl-MuiCircularProgress-circle"
          cx="44"
          cy="44"
          fill="none"
          r="20.2"
          stroke-width="3.6"
        />
      </svg>
    </span>
  </div>
</div>
`;

exports[`CalendarManager > renders with loaded data 1`] = `
<div>
  <div
    class="MuiBox-root css-19midj6"
  >
    <div
      class="MuiStack-root css-v2woy3-MuiStack-root"
    >
      <div
        class="MuiStack-root css-15pjkai-MuiStack-root"
      >
        <div
          class="MuiButtonGroup-root MuiButtonGroup-contained MuiButtonGroup-horizontal MuiButtonGroup-colorPrimary css-1ueqyvm-MuiButtonGroup-root"
          role="group"
        >
          <button
            class="MuiButtonBase-root MuiButton-root MuiButton-contained MuiButton-containedPrimary MuiButton-sizeMedium MuiButton-containedSizeMedium MuiButton-colorPrimary MuiButtonGroup-grouped MuiButtonGroup-groupedHorizontal MuiButtonGroup-groupedContained MuiButtonGroup-groupedContainedHorizontal MuiButtonGroup-groupedContainedPrimary MuiButton-root MuiButton-contained MuiButton-containedPrimary MuiButton-sizeMedium MuiButton-containedSizeMedium MuiButton-colorPrimary MuiButtonGroup-grouped MuiButtonGroup-groupedHorizontal MuiButtonGroup-groupedContained MuiButtonGroup-groupedContainedHorizontal MuiButtonGroup-groupedContainedPrimary MuiButtonGroup-firstButton css-a1icc8-MuiButtonBase-root-MuiButton-root"
            tabindex="0"
            type="button"
          >
            <span
              class="MuiButton-icon MuiButton-startIcon MuiButton-iconSizeMedium css-1v1j2p3-MuiButton-startIcon"
            >
              <svg
                aria-hidden="true"
                class="MuiSvgIcon-root MuiSvgIcon-fontSizeMedium css-1umw9bq-MuiSvgIcon-root"
                data-testid="NavigateBeforeIcon"
                focusable="false"
                viewBox="0 0 24 24"
              >
                <path
                  d="M15.41 7.41 14 6l-6 6 6 6 1.41-1.41L10.83 12z"
                />
              </svg>
            </span>
            Previous week
          </button>
          <button
            class="MuiButtonBase-root MuiButton-root MuiButton-contained MuiButton-containedPrimary MuiButton-sizeMedium MuiButton-containedSizeMedium MuiButton-colorPrimary MuiButtonGroup-grouped MuiButtonGroup-groupedHorizontal MuiButtonGroup-groupedContained MuiButtonGroup-groupedContainedHorizontal MuiButtonGroup-groupedContainedPrimary MuiButton-root MuiButton-contained MuiButton-containedPrimary MuiButton-sizeMedium MuiButton-containedSizeMedium MuiButton-colorPrimary MuiButtonGroup-grouped MuiButtonGroup-groupedHorizontal MuiButtonGroup-groupedContained MuiButtonGroup-groupedContainedHorizontal MuiButtonGroup-groupedContainedPrimary MuiButtonGroup-lastButton css-a1icc8-MuiButtonBase-root-MuiButton-root"
            tabindex="0"
            type="button"
          >
            Next week
            <span
              class="MuiButton-icon MuiButton-endIcon MuiButton-iconSizeMedium css-1wyk03i-MuiButton-endIcon"
            >
              <svg
                aria-hidden="true"
                class="MuiSvgIcon-root MuiSvgIcon-fontSizeMedium css-1umw9bq-MuiSvgIcon-root"
                data-testid="NavigateNextIcon"
                focusable="false"
                viewBox="0 0 24 24"
              >
                <path
                  d="M10 6 8.59 7.41 13.17 12l-4.58 4.59L10 18l6-6z"
                />
              </svg>
            </span>
          </button>
        </div>
        <form>
          <button
            class="MuiButtonBase-root MuiButton-root MuiButton-contained MuiButton-containedSecondary MuiButton-sizeMedium MuiButton-containedSizeMedium MuiButton-colorSecondary MuiButton-root MuiButton-contained MuiButton-containedSecondary MuiButton-sizeMedium MuiButton-containedSizeMedium MuiButton-colorSecondary css-19qpome-MuiButtonBase-root-MuiButton-root"
            tabindex="0"
            type="submit"
          >
            <span
              class="MuiButton-icon MuiButton-startIcon MuiButton-iconSizeMedium css-1v1j2p3-MuiButton-startIcon"
            >
              <svg
                aria-hidden="true"
                class="MuiSvgIcon-root MuiSvgIcon-fontSizeMedium css-1umw9bq-MuiSvgIcon-root"
                data-testid="AddIcon"
                focusable="false"
                viewBox="0 0 24 24"
              >
                <path
                  d="M19 13h-6v6h-2v-6H5v-2h6V5h2v6h6z"
                />
              </svg>
            </span>
            Add a feeding block
          </button>
        </form>
      </div>
      <div
        class="MuiBox-root css-0"
      >
        <h5
          class="MuiTypography-root MuiTypography-h5 css-1d8if93-MuiTypography-root"
        >
          September 2025
        </h5>
        <div
          class="MuiPaper-root MuiPaper-elevation MuiPaper-rounded MuiPaper-elevation1 MuiTableContainer-root css-15yen68-MuiPaper-root-MuiTableContainer-root"
          style="--Paper-shadow: 0px 2px 1px -1px rgba(0,0,0,0.2),0px 1px 1px 0px rgba(0,0,0,0.14),0px 1px 3px 0px rgba(0,0,0,0.12);"
        >
          <table
            class="MuiTable-root css-1pe3nxw-MuiTable-root"
          >
            <thead
              class="MuiTableHead-root css-1a7iywq-MuiTableHead-root"
            >
              <tr
                class="MuiTableRow-root MuiTableRow-head css-i4t7hi-MuiTableRow-root"
              >
                <th
                  class="MuiTableCell-root MuiTableCell-head MuiTableCell-sizeSmall css-t11akt-MuiTableCell-root"
                  scope="col"
                >
                  <p
                    class="MuiTypography-root MuiTypography-body2 css-u7wczt-MuiTypography-root"
                  >
                    Day
                  </p>
                </th>
                <th
                  class="MuiTableCell-root MuiTableCell-head MuiTableCell-sizeSmall css-979cqt-MuiTableCell-root"
                  scope="col"
                >
                  <div
                    class="MuiStack-root css-aha7cr-MuiStack-root"
                  >
                    <div
                      class="MuiBox-root css-171onha"
                    >
                      <button
                        class="MuiButtonBase-root MuiIconButton-root MuiIconButton-colorError MuiIconButton-sizeSmall css-98tc68-MuiButtonBase-root-MuiIconButton-root"
                        tabindex="0"
                        type="button"
                      >
                        <svg
                          aria-hidden="true"
                          class="MuiSvgIcon-root MuiSvgIcon-fontSizeSmall css-120dh41-MuiSvgIcon-root"
                          data-testid="DeleteIcon"
                          focusable="false"
                          viewBox="0 0 24 24"
                        >
                          <path
                            d="M6 19c0 1.1.9 2 2 2h8c1.1 0 2-.9 2-2V7H6zM19 4h-3.5l-1-1h-5l-1 1H5v2h14z"
                          />
                        </svg>
                      </button>
                      <p
                        class="MuiTypography-root MuiTypography-body2 css-u7wczt-MuiTypography-root"
                      >
                        Block 
                        1
                      </p>
                    </div>
                    <button
                      class="MuiButtonBase-root MuiButton-root MuiButton-outlined MuiButton-outlinedPrimary MuiButton-sizeSmall MuiButton-outlinedSizeSmall MuiButton-colorPrimary MuiButton-root MuiButton-outlined MuiButton-outlinedPrimary MuiButton-sizeSmall MuiButton-outlinedSizeSmall MuiButton-colorPrimary css-yhi2c9-MuiButtonBase-root-MuiButton-root"
                      tabindex="0"
                      type="button"
                    >
                      Eliminate this block?
                    </button>
                  </div>
                </th>
              </tr>
            </thead>
            <tbody
              class="MuiTableBody-root css-gmh7jj-MuiTableBody-root"
            >
              <tr
                class="MuiTableRow-root css-i4t7hi-MuiTableRow-root"
              >
                <td
                  class="MuiTableCell-root MuiTableCell-body MuiTableCell-sizeSmall css-bwzrgd-MuiTableCell-root"
                >
                  <p
                    class="MuiTypography-root MuiTypography-body2 css-tpz0q1-MuiTypography-root"
                  >
                    Mon
                    <br />
                    9/29
                  </p>
                </td>
                <td
                  class="MuiTableCell-root MuiTableCell-body MuiTableCell-sizeSmall css-iuuk2b-MuiTableCell-root"
                >
                  <div
                    class="MuiBox-root css-0"
                  >
                    <div
                      class="MuiBox-root css-xi606m"
                    >
                      <button
                        class="MuiButtonBase-root MuiIconButton-root MuiIconButton-colorPrimary MuiIconButton-sizeSmall css-1r61mhp-MuiButtonBase-root-MuiIconButton-root"
                        tabindex="0"
                        type="button"
                      >
                        <svg
                          aria-hidden="true"
                          class="MuiSvgIcon-root MuiSvgIcon-fontSizeSmall css-120dh41-MuiSvgIcon-root"
                          data-testid="EditIcon"
                          focusable="false"
                          viewBox="0 0 24 24"
                        >
                          <path
                            d="M3 17.25V21h3.75L17.81 9.94l-3.75-3.75zM20.71 7.04c.39-.39.39-1.02 0-1.41l-2.34-2.34a.996.996 0 0 0-1.41 0l-1.83 1.83 3.75 3.75z"
                          />
                        </svg>
                      </button>
                      <span
                        class="MuiTypography-root MuiTypography-caption css-174le52-MuiTypography-root"
                      >
                        Add entry
                      </span>
                    </div>
                  </div>
                </td>
              </tr>
              <tr
                class="MuiTableRow-root css-i4t7hi-MuiTableRow-root"
              >
                <td
                  class="MuiTableCell-root MuiTableCell-body MuiTableCell-sizeSmall css-bwzrgd-MuiTableCell-root"
                >
                  <p
                    class="MuiTypography-root MuiTypography-body2 css-tpz0q1-MuiTypography-root"
                  >
                    Tue
                    <br />
                    9/30
                  </p>
                </td>
                <td
                  class="MuiTableCell-root MuiTableCell-body MuiTableCell-sizeSmall css-qy012t-MuiTableCell-root"
                >
                  <div
                    class="MuiBox-root css-0"
                  >
                    <div
                      class="MuiBox-root css-xi606m"
                    >
                      <button
                        class="MuiButtonBase-root MuiIconButton-root MuiIconButton-colorPrimary MuiIconButton-sizeSmall css-1r61mhp-MuiButtonBase-root-MuiIconButton-root"
                        tabindex="0"
                        type="button"
                      >
                        <svg
                          aria-hidden="true"
                          class="MuiSvgIcon-root MuiSvgIcon-fontSizeSmall css-120dh41-MuiSvgIcon-root"
                          data-testid="EditIcon"
                          focusable="false"
                          viewBox="0 0 24 24"
                        >
                          <path
                            d="M3 17.25V21h3.75L17.81 9.94l-3.75-3.75zM20.71 7.04c.39-.39.39-1.02 0-1.41l-2.34-2.34a.996.996 0 0 0-1.41 0l-1.83 1.83 3.75 3.75z"
                          />
                        </svg>
                      </button>
                      <span
                        class="MuiTypography-root MuiTypography-caption css-174le52-MuiTypography-root"
                      >
                        Add entry
                      </span>
                    </div>
                  </div>
                </td>
              </tr>
              <tr
                class="MuiTableRow-root css-i4t7hi-MuiTableRow-root"
              >
                <td
                  class="MuiTableCell-root MuiTableCell-body MuiTableCell-sizeSmall css-bwzrgd-MuiTableCell-root"
                >
                  <p
                    class="MuiTypography-root MuiTypography-body2 css-tpz0q1-MuiTypography-root"
                  >
                    Wed
                    <br />
                    10/1
                  </p>
                </td>
                <td
                  class="MuiTableCell-root MuiTableCell-body MuiTableCell-sizeSmall css-iuuk2b-MuiTableCell-root"
                >
                  <div
                    class="MuiBox-root css-0"
                  >
                    <div
                      class="MuiBox-root css-xi606m"
                    >
                      <button
                        class="MuiButtonBase-root MuiIconButton-root MuiIconButton-colorPrimary MuiIconButton-sizeSmall css-1r61mhp-MuiButtonBase-root-MuiIconButton-root"
                        tabindex="0"
                        type="button"
                      >
                        <svg
                          aria-hidden="true"
                          class="MuiSvgIcon-root MuiSvgIcon-fontSizeSmall css-120dh41-MuiSvgIcon-root"
                          data-testid="EditIcon"
                          focusable="false"
                          viewBox="0 0 24 24"
                        >
                          <path
                            d="M3 17.25V21h3.75L17.81 9.94l-3.75-3.75zM20.71 7.04c.39-.39.39-1.02 0-1.41l-2.34-2.34a.996.996 0 0 0-1.41 0l-1.83 1.83 3.75 3.75z"
                          />
                        </svg>
                      </button>
                      <span
                        class="MuiTypography-root MuiTypography-caption css-174le52-MuiTypography-root"
                      >
                        Add entry
                      </span>
                    </div>
                  </div>
                </td>
              </tr>
              <tr
                class="MuiTableRow-root css-i4t7hi-MuiTableRow-root"
              >
                <td
                  class="MuiTableCell-root MuiTableCell-body MuiTableCell-sizeSmall css-bwzrgd-MuiTableCell-root"
                >
                  <p
                    class="MuiTypography-root MuiTypography-body2 css-tpz0q1-MuiTypography-root"
                  >
                    Thu
                    <br />
                    10/2
                  </p>
                </td>
                <td
                  class="MuiTableCell-root MuiTableCell-body MuiTableCell-sizeSmall css-iuuk2b-MuiTableCell-root"
                >
                  <div
                    class="MuiBox-root css-0"
                  >
                    <div
                      class="MuiBox-root css-xi606m"
                    >
                      <button
                        class="MuiButtonBase-root MuiIconButton-root MuiIconButton-colorPrimary MuiIconButton-sizeSmall css-1r61mhp-MuiButtonBase-root-MuiIconButton-root"
                        tabindex="0"
                        type="button"
                      >
                        <svg
                          aria-hidden="true"
                          class="MuiSvgIcon-root MuiSvgIcon-fontSizeSmall css-120dh41-MuiSvgIcon-root"
                          data-testid="EditIcon"
                          focusable="false"
                          viewBox="0 0 24 24"
                        >
                          <path
                            d="M3 17.25V21h3.75L17.81 9.94l-3.75-3.75zM20.71 7.04c.39-.39.39-1.02 0-1.41l-2.34-2.34a.996.996 0 0 0-1.41 0l-1.83 1.83 3.75 3.75z"
                          />
                        </svg>
                      </button>
                      <span
                        class="MuiTypography-root MuiTypography-caption css-174le52-MuiTypography-root"
                      >
                        Add entry
                      </span>
                    </div>
                  </div>
                </td>
              </tr>
              <tr
                class="MuiTableRow-root css-i4t7hi-MuiTableRow-root"
              >
                <td
                  class="MuiTableCell-root MuiTableCell-body MuiTableCell-sizeSmall css-bwzrgd-MuiTableCell-root"
                >
                  <p
                    class="MuiTypography-root MuiTypography-body2 css-tpz0q1-MuiTypography-root"
                  >
                    Fri
                    <br />
                    10/3
                  </p>
                </td>
                <td
                  class="MuiTableCell-root MuiTableCell-body MuiTableCell-sizeSmall css-iuuk2b-MuiTableCell-root"
                >
                  <div
                    class="MuiBox-root css-0"
                  >
                    <div
                      class="MuiBox-root css-xi606m"
                    >
                      <button
                        class="MuiButtonBase-root MuiIconButton-root MuiIconButton-colorPrimary MuiIconButton-sizeSmall css-1r61mhp-MuiButtonBase-root-MuiIconButton-root"
                        tabindex="0"
                        type="button"
                      >
                        <svg
                          aria-hidden="true"
                          class="MuiSvgIcon-root MuiSvgIcon-fontSizeSmall css-120dh41-MuiSvgIcon-root"
                          data-testid="EditIcon"
                          focusable="false"
                          viewBox="0 0 24 24"
                        >
                          <path
                            d="M3 17.25V21h3.75L17.81 9.94l-3.75-3.75zM20.71 7.04c.39-.39.39-1.02 0-1.41l-2.34-2.34a.996.996 0 0 0-1.41 0l-1.83 1.83 3.75 3.75z"
                          />
                        </svg>
                      </button>
                      <span
                        class="MuiTypography-root MuiTypography-caption css-174le52-MuiTypography-root"
                      >
                        Add entry
                      </span>
                    </div>
                  </div>
                </td>
              </tr>
              <tr
                class="MuiTableRow-root css-i4t7hi-MuiTableRow-root"
              >
                <td
                  class="MuiTableCell-root MuiTableCell-body MuiTableCell-sizeSmall css-bwzrgd-MuiTableCell-root"
                >
                  <p
                    class="MuiTypography-root MuiTypography-body2 css-tpz0q1-MuiTypography-root"
                  >
                    Sat
                    <br />
                    10/4
                  </p>
                </td>
                <td
                  class="MuiTableCell-root MuiTableCell-body MuiTableCell-sizeSmall css-iuuk2b-MuiTableCell-root"
                >
                  <div
                    class="MuiBox-root css-0"
                  >
                    <div
                      class="MuiBox-root css-xi606m"
                    >
                      <button
                        class="MuiButtonBase-root MuiIconButton-root MuiIconButton-colorPrimary MuiIconButton-sizeSmall css-1r61mhp-MuiButtonBase-root-MuiIconButton-root"
                        tabindex="0"
                        type="button"
                      >
                        <svg
                          aria-hidden="true"
                          class="MuiSvgIcon-root MuiSvgIcon-fontSizeSmall css-120dh41-MuiSvgIcon-root"
                          data-testid="EditIcon"
                          focusable="false"
                          viewBox="0 0 24 24"
                        >
                          <path
                            d="M3 17.25V21h3.75L17.81 9.94l-3.75-3.75zM20.71 7.04c.39-.39.39-1.02 0-1.41l-2.34-2.34a.996.996 0 0 0-1.41 0l-1.83 1.83 3.75 3.75z"
                          />
                        </svg>
                      </button>
                      <span
                        class="MuiTypography-root MuiTypography-caption css-174le52-MuiTypography-root"
                      >
                        Add entry
                      </span>
                    </div>
                  </div>
                </td>
              </tr>
              <tr
                class="MuiTableRow-root css-i4t7hi-MuiTableRow-root"
              >
                <td
                  class="MuiTableCell-root MuiTableCell-body MuiTableCell-sizeSmall css-bwzrgd-MuiTableCell-root"
                >
                  <p
                    class="MuiTypography-root MuiTypography-body2 css-tpz0q1-MuiTypography-root"
                  >
                    Sun
                    <br />
                    10/5
                  </p>
                </td>
                <td
                  class="MuiTableCell-root MuiTableCell-body MuiTableCell-sizeSmall css-iuuk2b-MuiTableCell-root"
                >
                  <div
                    class="MuiBox-root css-0"
                  >
                    <div
                      class="MuiBox-root css-xi606m"
                    >
                      <button
                        class="MuiButtonBase-root MuiIconButton-root MuiIconButton-colorPrimary MuiIconButton-sizeSmall css-1r61mhp-MuiButtonBase-root-MuiIconButton-root"
                        tabindex="0"
                        type="button"
                      >
                        <svg
                          aria-hidden="true"
                          class="MuiSvgIcon-root MuiSvgIcon-fontSizeSmall css-120dh41-MuiSvgIcon-root"
                          data-testid="EditIcon"
                          focusable="false"
                          viewBox="0 0 24 24"
                        >
                          <path
                            d="M3 17.25V21h3.75L17.81 9.94l-3.75-3.75zM20.71 7.04c.39-.39.39-1.02 0-1.41l-2.34-2.34a.996.996 0 0 0-1.41 0l-1.83 1.83 3.75 3.75z"
                          />
                        </svg>
                      </button>
                      <span
                        class="MuiTypography-root MuiTypography-caption css-174le52-MuiTypography-root"
                      >
                        Add entry
                      </span>
                    </div>
                  </div>
                </td>
              </tr>
            </tbody>
          </table>
        </div>
      </div>
    </div>
  </div>
</div>
`;
